2019-08-12 18:15:02,088 - ymdrdau - INFO - main process start at: Mon Aug 12 18:15:02 2019
2019-08-12 18:15:04,091 - ymdrdau - INFO - 111111
2019-08-12 18:15:04,185 - ymdrdau - WARNING - HTTPSConnectionPool(host='192.168.65.122', port=18072): Max retries exceeded with url: /54/4 (Caused by SSLError(SSLError(1, '[SSL: UNKNOWN_PROTOCOL] unknown protocol (_ssl.c:777)'),))
2019-08-12 18:34:34,087 - ymdrdau - INFO - main process start at: Mon Aug 12 18:34:34 2019
2019-08-12 18:34:36,092 - ymdrdau - INFO - 111111
2019-08-12 18:34:36,103 - ymdrdau - WARNING - HTTPSConnectionPool(host='192.168.6.189', port=8630): Max retries exceeded with url: /54/4 (Caused by NewConnectionError('<urllib3.connection.VerifiedHTTPSConnection object at 0x7fc1c762d240>: Failed to establish a new connection: [Errno 111] Connection refused',))
2019-08-12 18:37:08,854 - ymdrdau - INFO - main process start at: Mon Aug 12 18:37:08 2019
2019-08-12 18:37:10,859 - ymdrdau - INFO - 111111
2019-08-12 18:37:10,904 - ymdrdau - WARNING - 'str' object has no attribute 'ret'
2019-08-12 18:37:15,938 - ymdrdau - WARNING - 'str' object has no attribute 'ret'
2019-08-12 18:41:33,324 - ymdrdau - INFO - main process start at: Mon Aug 12 18:41:33 2019
2019-08-12 18:41:35,329 - ymdrdau - INFO - 111111
2019-08-12 18:41:35,366 - ymdrdau - WARNING - catch a exception: 'str' object has no attribute 'ret'
2019-08-12 18:41:40,400 - ymdrdau - WARNING - catch a exception: 'str' object has no attribute 'ret'
2019-08-12 18:42:43,466 - ymdrdau - INFO - main process start at: Mon Aug 12 18:42:43 2019
2019-08-12 18:42:45,470 - ymdrdau - INFO - 111111
2019-08-12 18:42:45,507 - ymdrdau - WARNING - upload recursion iter data failed : {"errorCode": "5", "errorMsg": "Format error", "timeStamp": "2019-08-12T18:40:15Z"}
2019-08-12 18:42:50,540 - ymdrdau - WARNING - upload recursion iter data failed : {"errorCode": "5", "errorMsg": "Format error", "timeStamp": "2019-08-12T18:40:20Z"}
